{"level":"info","message":"Backend server is running on http://localhost:3001","timestamp":"2025-12-28T02:53:08.462Z"}
{"level":"info","message":"API Documentation available at http://localhost:3001/api-docs","timestamp":"2025-12-28T02:53:08.463Z"}
{"level":"info","message":"GET /api-docs 301 158 - 3.108 ms","timestamp":"2025-12-28T02:53:41.193Z"}
{"level":"info","message":"GET /api-docs/ 200 3106 - 2.605 ms","timestamp":"2025-12-28T02:53:41.198Z"}
{"level":"info","message":"GET /api-docs/swagger-ui-init.js 200 3333 - 0.179 ms","timestamp":"2025-12-28T02:53:41.215Z"}
{"level":"info","message":"GET /api-docs/swagger-ui.css 200 177183 - 7.004 ms","timestamp":"2025-12-28T02:53:41.219Z"}
{"level":"info","message":"GET /api-docs/swagger-ui-standalone-preset.js 200 252451 - 4.775 ms","timestamp":"2025-12-28T02:53:41.221Z"}
{"level":"info","message":"GET /api-docs/swagger-ui-bundle.js 200 1510271 - 4.358 ms","timestamp":"2025-12-28T02:53:41.226Z"}
{"level":"info","message":"GET /api-docs/favicon-32x32.png 200 628 - 0.802 ms","timestamp":"2025-12-28T02:53:41.709Z"}
{"level":"info","message":"Backend server is running on http://localhost:3001","timestamp":"2025-12-28T02:54:50.180Z"}
{"level":"info","message":"API Documentation available at http://localhost:3001/api-docs","timestamp":"2025-12-28T02:54:50.181Z"}
{"level":"info","message":"GET /health 200 54 - 1.772 ms","timestamp":"2025-12-28T02:54:59.755Z"}
{"level":"info","message":"GET /health 200 54 - 0.372 ms","timestamp":"2025-12-28T02:55:12.709Z"}
{"level":"info","message":"GET /api-docs/ 200 3106 - 2.401 ms","timestamp":"2025-12-28T02:55:45.940Z"}
{"level":"error","message":"Failed query: select \"id\", \"email\", \"name\" from \"users\"\nparams: ","stack":"Error: Failed query: select \"id\", \"email\", \"name\" from \"users\"\nparams: \n    at LibSQLPreparedQuery.queryWithCache (E:\\dev\\vibe-code\\finance-tracker\\node_modules\\.pnpm\\drizzle-orm@0.45.1_@libsql+client@0.15.15\\node_modules\\src\\sqlite-core\\session.ts:80:11)\n    at processTicksAndRejections (node:internal/process/task_queues:105:5)\n    at async LibSQLPreparedQuery.values (E:\\dev\\vibe-code\\finance-tracker\\node_modules\\.pnpm\\drizzle-orm@0.45.1_@libsql+client@0.15.15\\node_modules\\src\\libsql\\session.ts:286:10)\n    at async LibSQLPreparedQuery.all (E:\\dev\\vibe-code\\finance-tracker\\node_modules\\.pnpm\\drizzle-orm@0.45.1_@libsql+client@0.15.15\\node_modules\\src\\libsql\\session.ts:214:16)\n    at async UserService.getAll (E:\\dev\\vibe-code\\finance-tracker\\apps\\backend\\src\\services\\user.service.ts:6:16)\n    at async getAll (E:\\dev\\vibe-code\\finance-tracker\\apps\\backend\\src\\controllers\\user.controller.ts:25:27)","timestamp":"2025-12-28T02:55:52.081Z"}
{"level":"info","message":"GET /api/users 500 97 - 11.410 ms","timestamp":"2025-12-28T02:55:52.082Z"}
{"level":"info","message":"Backend server is running on http://localhost:3001","timestamp":"2025-12-28T02:57:00.837Z"}
{"level":"info","message":"API Documentation available at http://localhost:3001/api-docs","timestamp":"2025-12-28T02:57:00.838Z"}
{"level":"info","message":"GET /api/users 200 2 - 5.251 ms","timestamp":"2025-12-28T02:57:07.020Z"}
{"level":"error","message":"Expected property name or '}' in JSON at position 1 (line 1 column 2)","stack":"SyntaxError: Expected property name or '}' in JSON at position 1 (line 1 column 2)\n    at JSON.parse (<anonymous>)\n    at parse (E:\\dev\\vibe-code\\finance-tracker\\node_modules\\.pnpm\\body-parser@1.20.4\\node_modules\\body-parser\\lib\\types\\json.js:92:19)\n    at E:\\dev\\vibe-code\\finance-tracker\\node_modules\\.pnpm\\body-parser@1.20.4\\node_modules\\body-parser\\lib\\read.js:128:18\n    at AsyncResource.runInAsyncScope (node:async_hooks:214:14)\n    at invokeCallback (E:\\dev\\vibe-code\\finance-tracker\\node_modules\\.pnpm\\raw-body@2.5.3\\node_modules\\raw-body\\index.js:238:16)\n    at done (E:\\dev\\vibe-code\\finance-tracker\\node_modules\\.pnpm\\raw-body@2.5.3\\node_modules\\raw-body\\index.js:227:7)\n    at IncomingMessage.onEnd (E:\\dev\\vibe-code\\finance-tracker\\node_modules\\.pnpm\\raw-body@2.5.3\\node_modules\\raw-body\\index.js:287:7)\n    at IncomingMessage.emit (node:events:519:28)\n    at IncomingMessage.emit (node:domain:489:12)\n    at endReadableNT (node:internal/streams/readable:1698:12)","timestamp":"2025-12-28T02:57:17.344Z"}
{"level":"info","message":"Backend server is running on http://localhost:3001","timestamp":"2025-12-28T02:57:25.839Z"}
{"level":"info","message":"API Documentation available at http://localhost:3001/api-docs","timestamp":"2025-12-28T02:57:25.840Z"}
{"level":"info","message":"POST /api/users 201 62 - 8.869 ms","timestamp":"2025-12-28T02:57:41.773Z"}
{"level":"info","message":"GET /api/users 200 62 - 2.278 ms","timestamp":"2025-12-28T02:57:48.267Z"}
{"level":"info","message":"Backend server is running on http://localhost:3001","timestamp":"2025-12-28T02:57:58.280Z"}
{"level":"info","message":"API Documentation available at http://localhost:3001/api-docs","timestamp":"2025-12-28T02:57:58.281Z"}
{"level":"info","message":"Backend server is running on http://localhost:3001","timestamp":"2025-12-28T03:01:43.931Z"}
{"level":"info","message":"API Documentation available at http://localhost:3001/api-docs","timestamp":"2025-12-28T03:01:43.931Z"}
{"level":"error","message":"Failed query: insert into \"users\" (\"id\", \"email\", \"name\") values (?, ?, ?) returning \"id\", \"email\", \"name\"\nparams: user1,test@example.com,Integration User","stack":"Error: Failed query: insert into \"users\" (\"id\", \"email\", \"name\") values (?, ?, ?) returning \"id\", \"email\", \"name\"\nparams: user1,test@example.com,Integration User\n    at LibSQLPreparedQuery.queryWithCache (E:\\dev\\vibe-code\\finance-tracker\\node_modules\\.pnpm\\drizzle-orm@0.45.1_@libsql+client@0.15.15\\node_modules\\src\\sqlite-core\\session.ts:80:11)\n    at processTicksAndRejections (node:internal/process/task_queues:105:5)\n    at async LibSQLPreparedQuery.values (E:\\dev\\vibe-code\\finance-tracker\\node_modules\\.pnpm\\drizzle-orm@0.45.1_@libsql+client@0.15.15\\node_modules\\src\\libsql\\session.ts:286:10)\n    at async LibSQLPreparedQuery.all (E:\\dev\\vibe-code\\finance-tracker\\node_modules\\.pnpm\\drizzle-orm@0.45.1_@libsql+client@0.15.15\\node_modules\\src\\libsql\\session.ts:214:16)\n    at async UserService.create (E:\\dev\\vibe-code\\finance-tracker\\apps\\backend\\src\\services\\user.service.ts:15:16)\n    at async create (E:\\dev\\vibe-code\\finance-tracker\\apps\\backend\\src\\controllers\\user.controller.ts:86:29)","timestamp":"2025-12-28T03:01:48.978Z"}
{"level":"info","message":"POST /api/users 500 193 - 12.713 ms","timestamp":"2025-12-28T03:01:48.981Z"}
{"level":"info","message":"GET /api/users 200 62 - 2.813 ms","timestamp":"2025-12-28T03:02:00.355Z"}
{"level":"info","message":"DELETE /api/users/user1 204 - - 3.672 ms","timestamp":"2025-12-28T03:02:06.830Z"}
{"level":"info","message":"POST /api/users 201 69 - 3.083 ms","timestamp":"2025-12-28T03:02:12.769Z"}
{"level":"info","message":"Backend server is running on http://localhost:3001","timestamp":"2025-12-28T03:02:27.976Z"}
{"level":"info","message":"API Documentation available at http://localhost:3001/api-docs","timestamp":"2025-12-28T03:02:27.977Z"}
